2025-11-26 21:15:35,583 [INFO] Prime Bob orchestrator starting…
2025-11-26 21:15:36,029 [INFO] Prime Bob orchestrator starting…
2025-11-26 21:15:36,086 [INFO] Prime Bob orchestrator starting…
2025-11-26 21:15:49,669 [INFO] [HEALTH] Health check requested
2025-11-26 22:00:01,684 [INFO] Prime Bob orchestrator starting…
2025-11-26 22:00:02,173 [INFO] Prime Bob orchestrator starting…
2025-11-26 22:00:02,227 [INFO] Prime Bob orchestrator starting…
2025-11-26 22:00:33,374 [INFO] [REGISTER] Node 'data-mainpc' (worker) @ 100.72.252.66
2025-11-26 22:00:33,384 [INFO] [HEARTBEAT] Node 'data-mainpc' load=0.053, free_mem=7091MB
2025-11-26 22:00:38,628 [INFO] [HEARTBEAT] Node 'data-mainpc' load=0.002, free_mem=7091MB
2025-11-26 22:00:43,873 [INFO] [HEARTBEAT] Node 'data-mainpc' load=0.003, free_mem=7091MB
2025-11-26 22:00:49,108 [INFO] [HEARTBEAT] Node 'data-mainpc' load=0.003, free_mem=7091MB
2025-11-26 22:00:54,319 [INFO] [HEARTBEAT] Node 'data-mainpc' load=0.006, free_mem=7091MB
2025-11-26 22:00:59,546 [INFO] [HEARTBEAT] Node 'data-mainpc' load=0.002, free_mem=7091MB
2025-11-26 22:01:04,797 [INFO] [HEARTBEAT] Node 'data-mainpc' load=0.003, free_mem=7091MB
2025-11-26 22:01:10,049 [INFO] [HEARTBEAT] Node 'data-mainpc' load=0.004, free_mem=7091MB
2025-11-26 22:01:15,292 [INFO] [HEARTBEAT] Node 'data-mainpc' load=0.003, free_mem=7090MB
2025-11-26 22:01:20,511 [INFO] [HEARTBEAT] Node 'data-mainpc' load=0.004, free_mem=7090MB
2025-11-26 22:01:25,737 [INFO] [HEARTBEAT] Node 'data-mainpc' load=0.003, free_mem=7090MB
2025-11-26 22:01:30,968 [INFO] [HEARTBEAT] Node 'data-mainpc' load=0.003, free_mem=7090MB
2025-11-26 22:01:36,233 [INFO] [HEARTBEAT] Node 'data-mainpc' load=0.002, free_mem=7090MB
2025-11-26 22:01:41,464 [INFO] [HEARTBEAT] Node 'data-mainpc' load=0.002, free_mem=7090MB
2025-11-26 22:01:46,695 [INFO] [HEARTBEAT] Node 'data-mainpc' load=0.002, free_mem=7090MB
2025-11-26 22:01:51,925 [INFO] [HEARTBEAT] Node 'data-mainpc' load=0.002, free_mem=7090MB
2025-11-26 22:01:57,157 [INFO] [HEARTBEAT] Node 'data-mainpc' load=0.005, free_mem=7090MB
2025-11-26 22:02:02,390 [INFO] [HEARTBEAT] Node 'data-mainpc' load=0.003, free_mem=7090MB
2025-11-26 22:02:07,621 [INFO] [HEARTBEAT] Node 'data-mainpc' load=0.003, free_mem=7090MB
2025-11-26 22:02:12,850 [INFO] [HEARTBEAT] Node 'data-mainpc' load=0.002, free_mem=7090MB
2025-11-26 22:02:18,084 [INFO] [HEARTBEAT] Node 'data-mainpc' load=0.002, free_mem=7090MB
2025-11-26 22:02:23,315 [INFO] [HEARTBEAT] Node 'data-mainpc' load=0.002, free_mem=7090MB
2025-11-26 22:02:28,545 [INFO] [HEARTBEAT] Node 'data-mainpc' load=0.002, free_mem=7090MB
2025-11-26 22:02:33,776 [INFO] [HEARTBEAT] Node 'data-mainpc' load=0.002, free_mem=7090MB
2025-11-26 22:02:39,012 [INFO] [HEARTBEAT] Node 'data-mainpc' load=0.003, free_mem=7090MB
2025-11-26 22:02:44,244 [INFO] [HEARTBEAT] Node 'data-mainpc' load=0.002, free_mem=7090MB
2025-11-26 22:02:49,479 [INFO] [HEARTBEAT] Node 'data-mainpc' load=0.002, free_mem=7090MB
2025-11-26 22:02:54,711 [INFO] [HEARTBEAT] Node 'data-mainpc' load=0.004, free_mem=7090MB
2025-11-26 22:02:59,932 [INFO] [HEARTBEAT] Node 'data-mainpc' load=0.001, free_mem=7090MB
2025-11-26 22:03:05,162 [INFO] [HEARTBEAT] Node 'data-mainpc' load=0.002, free_mem=7090MB
2025-11-26 22:03:10,400 [INFO] [HEARTBEAT] Node 'data-mainpc' load=0.002, free_mem=7090MB
2025-11-26 22:03:15,646 [INFO] [HEARTBEAT] Node 'data-mainpc' load=0.002, free_mem=7090MB
2025-11-26 22:03:20,888 [INFO] [HEARTBEAT] Node 'data-mainpc' load=0.003, free_mem=7089MB
2025-11-26 22:03:26,120 [INFO] [HEARTBEAT] Node 'data-mainpc' load=0.004, free_mem=7089MB
2025-11-26 22:03:31,353 [INFO] [HEARTBEAT] Node 'data-mainpc' load=0.003, free_mem=7089MB
2025-11-26 22:03:36,583 [INFO] [HEARTBEAT] Node 'data-mainpc' load=0.002, free_mem=7089MB
2025-11-26 22:58:38,701 [INFO] Prime Bob orchestrator starting…
2025-11-26 22:58:39,287 [INFO] Prime Bob orchestrator starting…
2025-11-26 22:58:39,347 [INFO] Prime Bob orchestrator starting…
2025-11-26 22:59:07,743 [INFO] [NODES_HEALTH] Report generated for 0 nodes
2025-11-26 22:59:53,485 [INFO] [NODES_HEALTH] Report generated for 0 nodes
2025-11-26 23:02:53,392 [INFO] Prime Bob orchestrator starting…
2025-11-26 23:02:53,873 [INFO] Prime Bob orchestrator starting…
2025-11-26 23:02:53,972 [INFO] Prime Bob orchestrator starting…
2025-11-26 23:03:21,308 [INFO] [REGISTER] Node 'data-mainpc' (worker) @ 100.72.252.66
2025-11-26 23:03:21,318 [INFO] [HEARTBEAT] Node 'data-mainpc' load=0.071, free_mem=7085MB
2025-11-26 23:03:26,553 [INFO] [HEARTBEAT] Node 'data-mainpc' load=0.003, free_mem=7085MB
2025-11-26 23:03:31,786 [INFO] [HEARTBEAT] Node 'data-mainpc' load=0.003, free_mem=7085MB
2025-11-26 23:03:35,990 [INFO] [NODES_HEALTH] Report generated for 1 nodes
2025-11-26 23:03:37,021 [INFO] [HEARTBEAT] Node 'data-mainpc' load=0.003, free_mem=7085MB
2025-11-26 23:03:42,257 [INFO] [HEARTBEAT] Node 'data-mainpc' load=0.002, free_mem=7085MB
2025-11-26 23:03:47,491 [INFO] [HEARTBEAT] Node 'data-mainpc' load=0.002, free_mem=7085MB
2025-11-26 23:03:52,725 [INFO] [HEARTBEAT] Node 'data-mainpc' load=0.002, free_mem=7087MB
2025-11-26 23:03:57,962 [INFO] [HEARTBEAT] Node 'data-mainpc' load=0.005, free_mem=7087MB
2025-11-26 23:04:03,198 [INFO] [HEARTBEAT] Node 'data-mainpc' load=0.003, free_mem=7087MB
2025-11-26 23:04:50,153 [INFO] [NODES_HEALTH] Report generated for 1 nodes
2025-11-26 23:04:55,898 [INFO] [NODES_HEALTH] Report generated for 1 nodes
2025-11-26 23:21:28,554 [INFO] Prime Bob orchestrator starting…
2025-11-26 23:21:28,634 [INFO] Prime Bob orchestrator starting…
2025-11-26 23:21:30,470 [INFO] Prime Bob orchestrator starting…
2025-11-26 23:21:30,539 [INFO] Prime Bob orchestrator starting…
2025-11-26 23:21:58,008 [INFO] Prime Bob orchestrator starting…
2025-11-26 23:21:58,079 [INFO] Prime Bob orchestrator starting…
2025-11-26 23:21:59,714 [INFO] Prime Bob orchestrator starting…
2025-11-26 23:21:59,788 [INFO] Prime Bob orchestrator starting…
2025-11-26 23:22:30,206 [INFO] Prime Bob orchestrator starting…
2025-11-26 23:22:30,284 [INFO] Prime Bob orchestrator starting…
2025-11-26 23:22:34,542 [INFO] Prime Bob orchestrator starting…
2025-11-26 23:22:34,603 [INFO] Prime Bob orchestrator starting…
2025-11-26 23:23:55,660 [INFO] Prime Bob orchestrator starting…
2025-11-26 23:23:55,734 [INFO] Prime Bob orchestrator starting…
2025-11-26 23:23:59,188 [INFO] Prime Bob orchestrator starting…
2025-11-26 23:23:59,263 [INFO] Prime Bob orchestrator starting…
2025-11-26 23:24:40,590 [INFO] Prime Bob orchestrator starting…
2025-11-26 23:24:40,672 [INFO] Prime Bob orchestrator starting…
2025-11-26 23:24:42,675 [INFO] Prime Bob orchestrator starting…
2025-11-26 23:24:42,746 [INFO] Prime Bob orchestrator starting…
2025-11-29 18:50:45,560 [INFO] Prime Bob orchestrator starting…
2025-11-29 18:50:46,649 [INFO] Prime Bob orchestrator starting…
2025-11-29 18:50:46,766 [INFO] Prime Bob orchestrator starting…
2025-11-29 18:50:56,874 [INFO] [REGISTER] Node 'data-mainpc' (worker) @ 100.72.252.66
2025-11-29 18:50:56,884 [INFO] [HEARTBEAT] Node 'data-mainpc' load=0.0, free_mem=6502MB
2025-11-29 18:51:01,984 [INFO] [HEARTBEAT] Node 'data-mainpc' load=0.006, free_mem=6500MB
2025-11-29 18:51:07,359 [INFO] [HEARTBEAT] Node 'data-mainpc' load=0.008, free_mem=6499MB
2025-11-29 18:51:12,520 [INFO] [HEARTBEAT] Node 'data-mainpc' load=0.005, free_mem=6503MB
2025-11-30 18:34:41,551 [INFO] Prime Bob orchestrator starting…
2025-11-30 18:34:41,981 [INFO] Prime Bob orchestrator starting…
2025-11-30 18:34:42,038 [INFO] Prime Bob orchestrator starting…
2025-11-30 18:35:07,983 [INFO] [REGISTER] Node 'data-mainpc' (worker) @ 100.72.252.66
2025-11-30 18:35:07,995 [INFO] [HEARTBEAT] Node 'data-mainpc' load=0.037000000000000005, free_mem=6425MB
2025-11-30 18:35:13,219 [INFO] [HEARTBEAT] Node 'data-mainpc' load=0.011000000000000001, free_mem=6425MB
2025-11-30 18:35:18,435 [INFO] [HEARTBEAT] Node 'data-mainpc' load=0.006999999999999999, free_mem=6424MB
2025-11-30 18:35:23,654 [INFO] [HEARTBEAT] Node 'data-mainpc' load=0.008, free_mem=6422MB
2025-11-30 18:35:27,502 [INFO] [REGISTER] Node 'worker-lenovo' (worker) @ 100.121.74.108
2025-11-30 18:35:27,520 [INFO] [HEARTBEAT] Node 'worker-lenovo' load=0.152, free_mem=1438MB
2025-11-30 18:35:28,876 [INFO] [HEARTBEAT] Node 'data-mainpc' load=0.006999999999999999, free_mem=6423MB
2025-11-30 18:35:32,557 [INFO] [HEARTBEAT] Node 'worker-lenovo' load=0.039, free_mem=1437MB
2025-11-30 18:35:34,098 [INFO] [HEARTBEAT] Node 'data-mainpc' load=0.006999999999999999, free_mem=6425MB
2025-11-30 18:35:37,592 [INFO] [HEARTBEAT] Node 'worker-lenovo' load=0.037000000000000005, free_mem=1435MB
2025-11-30 18:35:39,321 [INFO] [HEARTBEAT] Node 'data-mainpc' load=0.011000000000000001, free_mem=6426MB
2025-11-30 18:35:42,633 [INFO] [HEARTBEAT] Node 'worker-lenovo' load=0.036000000000000004, free_mem=1433MB
2025-11-30 18:35:44,541 [INFO] [HEARTBEAT] Node 'data-mainpc' load=0.005, free_mem=6427MB
2025-11-30 18:35:47,661 [INFO] [HEARTBEAT] Node 'worker-lenovo' load=0.036000000000000004, free_mem=1431MB
2025-11-30 18:35:49,761 [INFO] [HEARTBEAT] Node 'data-mainpc' load=0.009000000000000001, free_mem=6424MB
2025-11-30 18:35:52,685 [INFO] [HEARTBEAT] Node 'worker-lenovo' load=0.035, free_mem=1432MB
2025-11-30 18:35:54,979 [INFO] [HEARTBEAT] Node 'data-mainpc' load=0.005, free_mem=6422MB
2025-11-30 18:35:57,710 [INFO] [HEARTBEAT] Node 'worker-lenovo' load=0.034, free_mem=1429MB
2025-11-30 18:36:00,202 [INFO] [HEARTBEAT] Node 'data-mainpc' load=0.006999999999999999, free_mem=6423MB
2025-11-30 18:36:02,838 [INFO] [HEARTBEAT] Node 'worker-lenovo' load=0.037000000000000005, free_mem=1429MB
2025-11-30 18:36:05,425 [INFO] [HEARTBEAT] Node 'data-mainpc' load=0.01, free_mem=6427MB
2025-11-30 18:36:07,866 [INFO] [HEARTBEAT] Node 'worker-lenovo' load=0.038, free_mem=1429MB
2025-11-30 18:36:10,650 [INFO] [HEARTBEAT] Node 'data-mainpc' load=0.005, free_mem=6424MB
2025-11-30 18:36:12,905 [INFO] [HEARTBEAT] Node 'worker-lenovo' load=0.035, free_mem=1429MB
2025-11-30 18:36:15,878 [INFO] [HEARTBEAT] Node 'data-mainpc' load=0.008, free_mem=6424MB
2025-11-30 18:36:17,935 [INFO] [HEARTBEAT] Node 'worker-lenovo' load=0.037000000000000005, free_mem=1429MB
2025-11-30 18:36:21,099 [INFO] [HEARTBEAT] Node 'data-mainpc' load=0.006999999999999999, free_mem=6425MB
2025-11-30 18:36:22,956 [INFO] [HEARTBEAT] Node 'worker-lenovo' load=0.034, free_mem=1429MB
2025-11-30 18:36:26,316 [INFO] [HEARTBEAT] Node 'data-mainpc' load=0.006999999999999999, free_mem=6425MB
2025-11-30 18:36:27,997 [INFO] [HEARTBEAT] Node 'worker-lenovo' load=0.034, free_mem=1428MB
2025-11-30 18:36:31,530 [INFO] [HEARTBEAT] Node 'data-mainpc' load=0.006, free_mem=6428MB
2025-11-30 18:36:33,024 [INFO] [HEARTBEAT] Node 'worker-lenovo' load=0.035, free_mem=1428MB
2025-11-30 18:36:36,751 [INFO] [HEARTBEAT] Node 'data-mainpc' load=0.004, free_mem=6425MB
2025-11-30 18:36:38,049 [INFO] [HEARTBEAT] Node 'worker-lenovo' load=0.040999999999999995, free_mem=1427MB
2025-11-30 18:36:41,977 [INFO] [HEARTBEAT] Node 'data-mainpc' load=0.009000000000000001, free_mem=6422MB
2025-11-30 18:36:43,074 [INFO] [HEARTBEAT] Node 'worker-lenovo' load=0.035, free_mem=1427MB
2025-11-30 18:36:47,200 [INFO] [HEARTBEAT] Node 'data-mainpc' load=0.005, free_mem=6424MB
2025-11-30 18:36:48,102 [INFO] [HEARTBEAT] Node 'worker-lenovo' load=0.035, free_mem=1427MB
2025-11-30 18:36:52,418 [INFO] [HEARTBEAT] Node 'data-mainpc' load=0.013000000000000001, free_mem=6426MB
2025-11-30 18:36:53,128 [INFO] [HEARTBEAT] Node 'worker-lenovo' load=0.032, free_mem=1427MB
2025-11-30 18:36:57,635 [INFO] [HEARTBEAT] Node 'data-mainpc' load=0.005, free_mem=6424MB
2025-11-30 18:36:58,159 [INFO] [HEARTBEAT] Node 'worker-lenovo' load=0.036000000000000004, free_mem=1425MB
2025-11-30 18:37:02,855 [INFO] [HEARTBEAT] Node 'data-mainpc' load=0.006, free_mem=6424MB
2025-11-30 18:37:03,185 [INFO] [HEARTBEAT] Node 'worker-lenovo' load=0.037000000000000005, free_mem=1424MB
2025-11-30 18:37:08,080 [INFO] [HEARTBEAT] Node 'data-mainpc' load=0.01, free_mem=6429MB
2025-11-30 18:37:08,269 [INFO] [HEARTBEAT] Node 'worker-lenovo' load=0.037000000000000005, free_mem=1424MB
2025-11-30 18:37:13,293 [INFO] [HEARTBEAT] Node 'worker-lenovo' load=0.038, free_mem=1430MB
2025-11-30 18:37:13,311 [INFO] [HEARTBEAT] Node 'data-mainpc' load=0.008, free_mem=6428MB
2025-11-30 18:37:18,316 [INFO] [HEARTBEAT] Node 'worker-lenovo' load=0.035, free_mem=1431MB
2025-11-30 18:37:18,537 [INFO] [HEARTBEAT] Node 'data-mainpc' load=0.013999999999999999, free_mem=6425MB
2025-11-30 18:37:23,341 [INFO] [HEARTBEAT] Node 'worker-lenovo' load=0.035, free_mem=1429MB
2025-11-30 18:37:23,764 [INFO] [HEARTBEAT] Node 'data-mainpc' load=0.006, free_mem=6427MB
2025-11-30 18:37:28,377 [INFO] [HEARTBEAT] Node 'worker-lenovo' load=0.043, free_mem=1428MB
2025-11-30 18:37:28,992 [INFO] [HEARTBEAT] Node 'data-mainpc' load=0.004, free_mem=6425MB
2025-11-30 18:37:33,403 [INFO] [HEARTBEAT] Node 'worker-lenovo' load=0.035, free_mem=1428MB
2025-11-30 18:37:34,212 [INFO] [HEARTBEAT] Node 'data-mainpc' load=0.009000000000000001, free_mem=6424MB
2025-11-30 18:37:38,433 [INFO] [HEARTBEAT] Node 'worker-lenovo' load=0.040999999999999995, free_mem=1427MB
2025-11-30 18:37:39,430 [INFO] [HEARTBEAT] Node 'data-mainpc' load=0.008, free_mem=6428MB
2025-11-30 18:37:43,459 [INFO] [HEARTBEAT] Node 'worker-lenovo' load=0.038, free_mem=1430MB
2025-11-30 18:37:44,654 [INFO] [HEARTBEAT] Node 'data-mainpc' load=0.006, free_mem=6426MB
2025-11-30 18:37:48,493 [INFO] [HEARTBEAT] Node 'worker-lenovo' load=0.034, free_mem=1429MB
2025-11-30 18:37:49,873 [INFO] [HEARTBEAT] Node 'data-mainpc' load=0.006, free_mem=6430MB
2025-11-30 18:37:53,520 [INFO] [HEARTBEAT] Node 'worker-lenovo' load=0.033, free_mem=1429MB
2025-11-30 18:37:55,098 [INFO] [HEARTBEAT] Node 'data-mainpc' load=0.006999999999999999, free_mem=6427MB
2025-11-30 18:37:58,545 [INFO] [HEARTBEAT] Node 'worker-lenovo' load=0.033, free_mem=1428MB
2025-11-30 18:38:00,324 [INFO] [HEARTBEAT] Node 'data-mainpc' load=0.006999999999999999, free_mem=6425MB
2025-11-30 18:38:03,567 [INFO] [HEARTBEAT] Node 'worker-lenovo' load=0.034, free_mem=1428MB
2025-11-30 18:38:05,543 [INFO] [HEARTBEAT] Node 'data-mainpc' load=0.008, free_mem=6427MB
2025-11-30 18:38:08,590 [INFO] [HEARTBEAT] Node 'worker-lenovo' load=0.035, free_mem=1427MB
2025-11-30 18:38:10,767 [INFO] [HEARTBEAT] Node 'data-mainpc' load=0.006, free_mem=6427MB
2025-11-30 18:38:13,616 [INFO] [HEARTBEAT] Node 'worker-lenovo' load=0.040999999999999995, free_mem=1426MB
2025-11-30 18:38:15,987 [INFO] [HEARTBEAT] Node 'data-mainpc' load=0.006, free_mem=6425MB
2025-11-30 18:38:18,648 [INFO] [HEARTBEAT] Node 'worker-lenovo' load=0.036000000000000004, free_mem=1426MB
2025-11-30 18:38:21,207 [INFO] [HEARTBEAT] Node 'data-mainpc' load=0.008, free_mem=6426MB
2025-11-30 18:38:23,674 [INFO] [HEARTBEAT] Node 'worker-lenovo' load=0.034, free_mem=1427MB
2025-11-30 18:38:26,433 [INFO] [HEARTBEAT] Node 'data-mainpc' load=0.006999999999999999, free_mem=6424MB
2025-11-30 18:38:28,701 [INFO] [HEARTBEAT] Node 'worker-lenovo' load=0.034, free_mem=1427MB
2025-11-30 18:38:31,656 [INFO] [HEARTBEAT] Node 'data-mainpc' load=0.004, free_mem=6429MB
2025-11-30 18:38:33,736 [INFO] [HEARTBEAT] Node 'worker-lenovo' load=0.036000000000000004, free_mem=1427MB
2025-11-30 18:38:36,876 [INFO] [HEARTBEAT] Node 'data-mainpc' load=0.006999999999999999, free_mem=6425MB
2025-11-30 18:38:38,765 [INFO] [HEARTBEAT] Node 'worker-lenovo' load=0.036000000000000004, free_mem=1433MB
2025-11-30 18:38:42,095 [INFO] [HEARTBEAT] Node 'data-mainpc' load=0.006, free_mem=6426MB
2025-11-30 18:38:43,793 [INFO] [HEARTBEAT] Node 'worker-lenovo' load=0.036000000000000004, free_mem=1433MB
2025-11-30 18:38:47,318 [INFO] [HEARTBEAT] Node 'data-mainpc' load=0.008, free_mem=6428MB
2025-11-30 18:38:48,821 [INFO] [HEARTBEAT] Node 'worker-lenovo' load=0.039, free_mem=1432MB
2025-11-30 18:38:52,541 [INFO] [HEARTBEAT] Node 'data-mainpc' load=0.006, free_mem=6430MB
2025-11-30 18:38:53,843 [INFO] [HEARTBEAT] Node 'worker-lenovo' load=0.033, free_mem=1432MB
2025-11-30 18:38:57,766 [INFO] [HEARTBEAT] Node 'data-mainpc' load=0.006, free_mem=6426MB
2025-11-30 18:38:58,864 [INFO] [HEARTBEAT] Node 'worker-lenovo' load=0.035, free_mem=1430MB
2025-11-30 18:39:02,992 [INFO] [HEARTBEAT] Node 'data-mainpc' load=0.004, free_mem=6424MB
2025-11-30 18:39:03,888 [INFO] [HEARTBEAT] Node 'worker-lenovo' load=0.036000000000000004, free_mem=1430MB
2025-11-30 18:39:08,222 [INFO] [HEARTBEAT] Node 'data-mainpc' load=0.004, free_mem=6425MB
2025-11-30 18:39:08,909 [INFO] [HEARTBEAT] Node 'worker-lenovo' load=0.032, free_mem=1429MB
2025-11-30 18:39:13,444 [INFO] [HEARTBEAT] Node 'data-mainpc' load=0.011000000000000001, free_mem=6422MB
2025-11-30 18:39:13,970 [INFO] [HEARTBEAT] Node 'worker-lenovo' load=0.039, free_mem=1429MB
2025-11-30 18:39:18,665 [INFO] [HEARTBEAT] Node 'data-mainpc' load=0.006, free_mem=6423MB
2025-11-30 18:39:23,883 [INFO] [HEARTBEAT] Node 'data-mainpc' load=0.008, free_mem=6421MB
2025-11-30 18:53:07,704 [INFO] [REGISTER] Node 'data-mainpc' (worker) @ 100.72.252.66
2025-11-30 18:53:07,709 [INFO] [HEARTBEAT] Node 'data-mainpc' load=0.107, free_mem=6387MB
2025-11-30 18:53:12,929 [INFO] [HEARTBEAT] Node 'data-mainpc' load=0.004, free_mem=6385MB
2025-11-30 18:53:18,148 [INFO] [HEARTBEAT] Node 'data-mainpc' load=0.004, free_mem=6383MB
2025-11-30 18:53:23,371 [INFO] [HEARTBEAT] Node 'data-mainpc' load=0.012, free_mem=6385MB
2025-11-30 18:53:28,591 [INFO] [HEARTBEAT] Node 'data-mainpc' load=0.011000000000000001, free_mem=6384MB
2025-11-30 18:53:31,619 [INFO] [REGISTER] Node 'worker-lenovo' (worker) @ 100.121.74.108
2025-11-30 18:53:31,633 [INFO] [HEARTBEAT] Node 'worker-lenovo' load=0.205, free_mem=1163MB
2025-11-30 18:53:33,805 [INFO] [HEARTBEAT] Node 'data-mainpc' load=0.006, free_mem=6385MB
2025-11-30 18:53:36,655 [INFO] [HEARTBEAT] Node 'worker-lenovo' load=0.032, free_mem=1161MB
2025-11-30 18:53:39,028 [INFO] [HEARTBEAT] Node 'data-mainpc' load=0.005, free_mem=6383MB
2025-11-30 18:53:41,683 [INFO] [HEARTBEAT] Node 'worker-lenovo' load=0.033, free_mem=1160MB
2025-11-30 18:53:44,249 [INFO] [HEARTBEAT] Node 'data-mainpc' load=0.008, free_mem=6384MB
2025-11-30 18:53:49,470 [INFO] [HEARTBEAT] Node 'data-mainpc' load=0.004, free_mem=6383MB
